// Jest Snapshot v1, https://goo.gl/fbAQLP

exports[`ApolloCSS should apply styles to document style tags 1`] = `
<head>
  <style
    id="apollo-css"
  />
</head>
`;

exports[`ApolloCSS should correctly generate all defaults for a different theme 1`] = `
Object {
  "children": "@import url('https://fonts.googleapis.com/icon?family=Material+Icons'); .apollo[data-apollo=\\"color\\"].something {0: r;1: e;2: d;}.apollo[data-apollo=\\"Button\\"].something.solid {background-color: red;color: white;outline-color: rgba(255, 0, 0, 0.3);}.apollo[data-apollo=\\"Button\\"].something.solid:hover {filter: brightness(90%);}.apollo[data-apollo=\\"Button\\"].something.solid:active {filter: brightness(80%);}.apollo[data-apollo=\\"Button\\"].something.solid:disabled {filter: brightness(100%);background: #edeff1;color: #98a7ad;cursor: not-allowed;}.apollo[data-apollo=\\"Button\\"].something.outline {border: 1.5px solid red;outline-color: rgba(255, 0, 0, 0.3);background-color: transparent;color: inherit;}.apollo[data-apollo=\\"Button\\"].something.outline:hover {filter: brightness(100%);background-color: red;color: white;}.apollo[data-apollo=\\"Button\\"].something.outline:focus {filter: brightness(100%);background-color: red;color: white;}.apollo[data-apollo=\\"Button\\"].something.outline:active {filter: brightness(80%);}.apollo[data-apollo=\\"Button\\"].something.outline:disabled {background: transparent;border-color: #edeff1;border-width: 1.5px;border-style: solid;color: #98a7ad;filter: brightness(100%);cursor: not-allowed;}.apollo[data-apollo=\\"Avatar\\"].something {outline-color: rgba(255, 0, 0, 0.3);}.apollo[data-apollo=\\"TextInput\\"].something {outline-color: rgba(255, 0, 0, 0.3);border: 1.5px solid #E7EBEC;color: inherit;font-size: 1rem;}.apollo[data-apollo=\\"TextInput\\"].something:focus {outline-color: rgba(255, 0, 0, 0.3);border: 1.5px solid red;}.apollo[data-apollo=\\"TextInput\\"].something:disabled {background: #E7EBEC;cursor: not-allowed;}.apollo[data-apollo=\\"TextInputLabel\\"].something .label {color: inherit;font-size: 0.9rem;padding-bottom: 5px;font-family: 'Roboto', sans-serif;}.apollo[data-apollo=\\"TextInputLabel\\"].something .hint {color: #6C8189;font-size: 0.9rem;padding-bottom: 5px;font-family: 'Roboto', sans-serif;padding-top: 6px;}.apollo[data-apollo=\\"Select\\"].something > span.input {outline-color: rgba(255, 0, 0, 0.3);border: 1.5px solid #E7EBEC;font-family: 'Roboto', sans-serif;color: inherit;focus-within: [object Object];}.apollo[data-apollo=\\"Select\\"].something > span.input:focus-within {border: 1.5px solid red;}.apollo[data-apollo=\\"Select\\"].something > span.input.disabledinput {background: #E7EBEC;cursor: not-allowed;}.apollo[data-apollo=\\"Select\\"].something > div.label {color: inherit;font-size: 0.9rem;padding-bottom: 5px;font-family: 'Roboto', sans-serif;}.apollo[data-apollo=\\"Text\\"].something {font-family: 'Roboto', sans-serif;}.apollo[data-apollo=\\"Text\\"].something.h1 {font-family: 'Roboto', sans-serif;}.apollo[data-apollo=\\"Text\\"].something.h2 {font-family: 'Roboto', sans-serif;}.apollo[data-apollo=\\"Text\\"].something.h3 {font-family: 'Roboto', sans-serif;}.apollo[data-apollo=\\"Icon\\"].something.clickable {}.apollo[data-apollo=\\"Icon\\"].something.clickable:hover {background-color: red;color: white;}.apollo[data-apollo=\\"Icon\\"].something {color: inherit;}.apollo[data-apollo=\\"color\\"].primary {0: #;1: 1;2: B;3: 7;4: 5;5: B;6: C;}.apollo[data-apollo=\\"Button\\"].primary.solid {background-color: #1B75BC;color: white;outline-color: rgba(27, 117, 188, 0.3);}.apollo[data-apollo=\\"Button\\"].primary.solid:hover {filter: brightness(90%);}.apollo[data-apollo=\\"Button\\"].primary.solid:active {filter: brightness(80%);}.apollo[data-apollo=\\"Button\\"].primary.solid:disabled {filter: brightness(100%);background: #edeff1;color: #98a7ad;cursor: not-allowed;}.apollo[data-apollo=\\"Button\\"].primary.outline {border: 1.5px solid #1B75BC;outline-color: rgba(27, 117, 188, 0.3);background-color: transparent;color: inherit;}.apollo[data-apollo=\\"Button\\"].primary.outline:hover {filter: brightness(100%);background-color: #1B75BC;color: white;}.apollo[data-apollo=\\"Button\\"].primary.outline:focus {filter: brightness(100%);background-color: #1B75BC;color: white;}.apollo[data-apollo=\\"Button\\"].primary.outline:active {filter: brightness(80%);}.apollo[data-apollo=\\"Button\\"].primary.outline:disabled {background: transparent;border-color: #edeff1;border-width: 1.5px;border-style: solid;color: #98a7ad;filter: brightness(100%);cursor: not-allowed;}.apollo[data-apollo=\\"Avatar\\"].primary {outline-color: rgba(27, 117, 188, 0.3);}.apollo[data-apollo=\\"TextInput\\"].primary {outline-color: rgba(27, 117, 188, 0.3);border: 1.5px solid #E7EBEC;color: inherit;font-size: 1rem;}.apollo[data-apollo=\\"TextInput\\"].primary:focus {outline-color: rgba(27, 117, 188, 0.3);border: 1.5px solid #1B75BC;}.apollo[data-apollo=\\"TextInput\\"].primary:disabled {background: #E7EBEC;cursor: not-allowed;}.apollo[data-apollo=\\"TextInputLabel\\"].primary .label {color: inherit;font-size: 0.9rem;padding-bottom: 5px;font-family: 'Roboto', sans-serif;}.apollo[data-apollo=\\"TextInputLabel\\"].primary .hint {color: #6C8189;font-size: 0.9rem;padding-bottom: 5px;font-family: 'Roboto', sans-serif;padding-top: 6px;}.apollo[data-apollo=\\"Select\\"].primary > span.input {outline-color: rgba(27, 117, 188, 0.3);border: 1.5px solid #E7EBEC;font-family: 'Roboto', sans-serif;color: inherit;focus-within: [object Object];}.apollo[data-apollo=\\"Select\\"].primary > span.input:focus-within {border: 1.5px solid #1B75BC;}.apollo[data-apollo=\\"Select\\"].primary > span.input.disabledinput {background: #E7EBEC;cursor: not-allowed;}.apollo[data-apollo=\\"Select\\"].primary > div.label {color: inherit;font-size: 0.9rem;padding-bottom: 5px;font-family: 'Roboto', sans-serif;}.apollo[data-apollo=\\"Text\\"].primary {font-family: 'Roboto', sans-serif;}.apollo[data-apollo=\\"Text\\"].primary.h1 {font-family: 'Roboto', sans-serif;}.apollo[data-apollo=\\"Text\\"].primary.h2 {font-family: 'Roboto', sans-serif;}.apollo[data-apollo=\\"Text\\"].primary.h3 {font-family: 'Roboto', sans-serif;}.apollo[data-apollo=\\"Icon\\"].primary.clickable {}.apollo[data-apollo=\\"Icon\\"].primary.clickable:hover {background-color: #1B75BC;color: white;}.apollo[data-apollo=\\"Icon\\"].primary {color: inherit;}.apollo[data-apollo=\\"color\\"].secondary {0: #;1: 0;2: E;3: 2;4: 1;5: 4;6: B;}.apollo[data-apollo=\\"Button\\"].secondary.solid {background-color: #0E214B;color: white;outline-color: rgba(14, 33, 75, 0.3);}.apollo[data-apollo=\\"Button\\"].secondary.solid:hover {filter: brightness(90%);}.apollo[data-apollo=\\"Button\\"].secondary.solid:active {filter: brightness(80%);}.apollo[data-apollo=\\"Button\\"].secondary.solid:disabled {filter: brightness(100%);background: #edeff1;color: #98a7ad;cursor: not-allowed;}.apollo[data-apollo=\\"Button\\"].secondary.outline {border: 1.5px solid #0E214B;outline-color: rgba(14, 33, 75, 0.3);background-color: transparent;color: inherit;}.apollo[data-apollo=\\"Button\\"].secondary.outline:hover {filter: brightness(100%);background-color: #0E214B;color: white;}.apollo[data-apollo=\\"Button\\"].secondary.outline:focus {filter: brightness(100%);background-color: #0E214B;color: white;}.apollo[data-apollo=\\"Button\\"].secondary.outline:active {filter: brightness(80%);}.apollo[data-apollo=\\"Button\\"].secondary.outline:disabled {background: transparent;border-color: #edeff1;border-width: 1.5px;border-style: solid;color: #98a7ad;filter: brightness(100%);cursor: not-allowed;}.apollo[data-apollo=\\"Avatar\\"].secondary {outline-color: rgba(14, 33, 75, 0.3);}.apollo[data-apollo=\\"TextInput\\"].secondary {outline-color: rgba(14, 33, 75, 0.3);border: 1.5px solid #E7EBEC;color: inherit;font-size: 1rem;}.apollo[data-apollo=\\"TextInput\\"].secondary:focus {outline-color: rgba(14, 33, 75, 0.3);border: 1.5px solid #0E214B;}.apollo[data-apollo=\\"TextInput\\"].secondary:disabled {background: #E7EBEC;cursor: not-allowed;}.apollo[data-apollo=\\"TextInputLabel\\"].secondary .label {color: inherit;font-size: 0.9rem;padding-bottom: 5px;font-family: 'Roboto', sans-serif;}.apollo[data-apollo=\\"TextInputLabel\\"].secondary .hint {color: #6C8189;font-size: 0.9rem;padding-bottom: 5px;font-family: 'Roboto', sans-serif;padding-top: 6px;}.apollo[data-apollo=\\"Select\\"].secondary > span.input {outline-color: rgba(14, 33, 75, 0.3);border: 1.5px solid #E7EBEC;font-family: 'Roboto', sans-serif;color: inherit;focus-within: [object Object];}.apollo[data-apollo=\\"Select\\"].secondary > span.input:focus-within {border: 1.5px solid #0E214B;}.apollo[data-apollo=\\"Select\\"].secondary > span.input.disabledinput {background: #E7EBEC;cursor: not-allowed;}.apollo[data-apollo=\\"Select\\"].secondary > div.label {color: inherit;font-size: 0.9rem;padding-bottom: 5px;font-family: 'Roboto', sans-serif;}.apollo[data-apollo=\\"Text\\"].secondary {font-family: 'Roboto', sans-serif;}.apollo[data-apollo=\\"Text\\"].secondary.h1 {font-family: 'Roboto', sans-serif;}.apollo[data-apollo=\\"Text\\"].secondary.h2 {font-family: 'Roboto', sans-serif;}.apollo[data-apollo=\\"Text\\"].secondary.h3 {font-family: 'Roboto', sans-serif;}.apollo[data-apollo=\\"Icon\\"].secondary.clickable {}.apollo[data-apollo=\\"Icon\\"].secondary.clickable:hover {background-color: #0E214B;color: white;}.apollo[data-apollo=\\"Icon\\"].secondary {color: inherit;}.apollo[data-apollo=\\"color\\"].tertiary {0: #;1: f;2: 0;3: f;4: 0;5: f;6: 0;}.apollo[data-apollo=\\"Button\\"].tertiary {outline-color: rgba(209, 209, 209, 0.5);background-color: #f0f0f0;color: black;}.apollo[data-apollo=\\"Button\\"].tertiary:hover {filter: brightness(90%);}.apollo[data-apollo=\\"Button\\"].tertiary:active {filter: brightness(80%);}.apollo[data-apollo=\\"Button\\"].tertiary:disabled {filter: brightness(100%);background: #edeff1;color: #98a7ad;cursor: not-allowed;}.apollo[data-apollo=\\"ButtonOutline\\"].tertiary {outline-color: rgba(209, 209, 209, 0.5);border: 1.5px solid #f0f0f0;background-color: transparent;color: inherit;}.apollo[data-apollo=\\"ButtonOutline\\"].tertiary:hover {filter: brightness(100%);background-color: #f0f0f0;color: black;}.apollo[data-apollo=\\"ButtonOutline\\"].tertiary:focus {filter: brightness(100%);background-color: #f0f0f0;color: black;}.apollo[data-apollo=\\"ButtonOutline\\"].tertiary:active {filter: brightness(80%);}.apollo[data-apollo=\\"ButtonOutline\\"].tertiary:disabled {background: transparent;border-color: #edeff1;border-width: 1.5px;border-style: solid;color: #98a7ad;filter: brightness(100%);cursor: not-allowed;}.apollo[data-apollo=\\"Button\\"].tertiary.solid {outline-color: rgba(209, 209, 209, 0.5);background-color: #f0f0f0;color: black;}.apollo[data-apollo=\\"Button\\"].tertiary.solid:hover {filter: brightness(90%);}.apollo[data-apollo=\\"Button\\"].tertiary.solid:active {filter: brightness(80%);}.apollo[data-apollo=\\"Button\\"].tertiary.solid:disabled {filter: brightness(100%);background: #edeff1;color: #98a7ad;cursor: not-allowed;}.apollo[data-apollo=\\"Button\\"].tertiary.outline {outline-color: rgba(209, 209, 209, 0.5);border: 1.5px solid #f0f0f0;background-color: transparent;color: inherit;}.apollo[data-apollo=\\"Button\\"].tertiary.outline:hover {filter: brightness(100%);background-color: #f0f0f0;color: black;}.apollo[data-apollo=\\"Button\\"].tertiary.outline:focus {filter: brightness(100%);background-color: #f0f0f0;color: black;}.apollo[data-apollo=\\"Button\\"].tertiary.outline:active {filter: brightness(80%);}.apollo[data-apollo=\\"Button\\"].tertiary.outline:disabled {background: transparent;border-color: #edeff1;border-width: 1.5px;border-style: solid;color: #98a7ad;filter: brightness(100%);cursor: not-allowed;}.apollo[data-apollo=\\"Avatar\\"].tertiary {outline-color: rgba(240, 240, 240, 0.3);}.apollo[data-apollo=\\"TextInput\\"].tertiary {outline-color: rgba(240, 240, 240, 0.3);border: 1.5px solid #E7EBEC;color: inherit;font-size: 1rem;}.apollo[data-apollo=\\"TextInput\\"].tertiary:focus {outline-color: rgba(240, 240, 240, 0.3);border: 1.5px solid #f0f0f0;}.apollo[data-apollo=\\"TextInput\\"].tertiary:disabled {background: #E7EBEC;cursor: not-allowed;}.apollo[data-apollo=\\"TextInputLabel\\"].tertiary .label {color: inherit;font-size: 0.9rem;padding-bottom: 5px;font-family: 'Roboto', sans-serif;}.apollo[data-apollo=\\"TextInputLabel\\"].tertiary .hint {color: #6C8189;font-size: 0.9rem;padding-bottom: 5px;font-family: 'Roboto', sans-serif;padding-top: 6px;}.apollo[data-apollo=\\"Select\\"].tertiary > span.input {outline-color: rgba(240, 240, 240, 0.3);border: 1.5px solid #E7EBEC;font-family: 'Roboto', sans-serif;color: inherit;focus-within: [object Object];}.apollo[data-apollo=\\"Select\\"].tertiary > span.input:focus-within {border: 1.5px solid #f0f0f0;}.apollo[data-apollo=\\"Select\\"].tertiary > span.input.disabledinput {background: #E7EBEC;cursor: not-allowed;}.apollo[data-apollo=\\"Select\\"].tertiary > div.label {color: inherit;font-size: 0.9rem;padding-bottom: 5px;font-family: 'Roboto', sans-serif;}.apollo[data-apollo=\\"Text\\"].tertiary {font-family: 'Roboto', sans-serif;}.apollo[data-apollo=\\"Text\\"].tertiary.h1 {font-family: 'Roboto', sans-serif;}.apollo[data-apollo=\\"Text\\"].tertiary.h2 {font-family: 'Roboto', sans-serif;}.apollo[data-apollo=\\"Text\\"].tertiary.h3 {font-family: 'Roboto', sans-serif;}.apollo[data-apollo=\\"Icon\\"].tertiary.clickable {}.apollo[data-apollo=\\"Icon\\"].tertiary.clickable:hover {background-color: #f0f0f0;color: black;}.apollo[data-apollo=\\"Icon\\"].tertiary {color: inherit;}.apollo[data-apollo=\\"color\\"].neutral {0: #;1: E;2: 7;3: E;4: B;5: E;6: C;}.apollo[data-apollo=\\"Button\\"].neutral.solid {background-color: #E7EBEC;color: black;outline-color: rgba(231, 235, 236, 0.3);}.apollo[data-apollo=\\"Button\\"].neutral.solid:hover {filter: brightness(90%);}.apollo[data-apollo=\\"Button\\"].neutral.solid:active {filter: brightness(80%);}.apollo[data-apollo=\\"Button\\"].neutral.solid:disabled {filter: brightness(100%);background: #edeff1;color: #98a7ad;cursor: not-allowed;}.apollo[data-apollo=\\"Button\\"].neutral.outline {border: 1.5px solid #E7EBEC;outline-color: rgba(231, 235, 236, 0.3);background-color: transparent;color: inherit;}.apollo[data-apollo=\\"Button\\"].neutral.outline:hover {filter: brightness(100%);background-color: #E7EBEC;color: black;}.apollo[data-apollo=\\"Button\\"].neutral.outline:focus {filter: brightness(100%);background-color: #E7EBEC;color: black;}.apollo[data-apollo=\\"Button\\"].neutral.outline:active {filter: brightness(80%);}.apollo[data-apollo=\\"Button\\"].neutral.outline:disabled {background: transparent;border-color: #edeff1;border-width: 1.5px;border-style: solid;color: #98a7ad;filter: brightness(100%);cursor: not-allowed;}.apollo[data-apollo=\\"Avatar\\"].neutral {outline-color: rgba(231, 235, 236, 0.3);}.apollo[data-apollo=\\"TextInput\\"].neutral {outline-color: rgba(231, 235, 236, 0.3);border: 1.5px solid #E7EBEC;color: inherit;font-size: 1rem;}.apollo[data-apollo=\\"TextInput\\"].neutral:focus {outline-color: rgba(231, 235, 236, 0.3);border: 1.5px solid #E7EBEC;}.apollo[data-apollo=\\"TextInput\\"].neutral:disabled {background: #E7EBEC;cursor: not-allowed;}.apollo[data-apollo=\\"TextInputLabel\\"].neutral .label {color: inherit;font-size: 0.9rem;padding-bottom: 5px;font-family: 'Roboto', sans-serif;}.apollo[data-apollo=\\"TextInputLabel\\"].neutral .hint {color: #6C8189;font-size: 0.9rem;padding-bottom: 5px;font-family: 'Roboto', sans-serif;padding-top: 6px;}.apollo[data-apollo=\\"Select\\"].neutral > span.input {outline-color: rgba(231, 235, 236, 0.3);border: 1.5px solid #E7EBEC;font-family: 'Roboto', sans-serif;color: inherit;focus-within: [object Object];}.apollo[data-apollo=\\"Select\\"].neutral > span.input:focus-within {border: 1.5px solid #E7EBEC;}.apollo[data-apollo=\\"Select\\"].neutral > span.input.disabledinput {background: #E7EBEC;cursor: not-allowed;}.apollo[data-apollo=\\"Select\\"].neutral > div.label {color: inherit;font-size: 0.9rem;padding-bottom: 5px;font-family: 'Roboto', sans-serif;}.apollo[data-apollo=\\"Text\\"].neutral {font-family: 'Roboto', sans-serif;}.apollo[data-apollo=\\"Text\\"].neutral.h1 {font-family: 'Roboto', sans-serif;}.apollo[data-apollo=\\"Text\\"].neutral.h2 {font-family: 'Roboto', sans-serif;}.apollo[data-apollo=\\"Text\\"].neutral.h3 {font-family: 'Roboto', sans-serif;}.apollo[data-apollo=\\"Icon\\"].neutral.clickable {}.apollo[data-apollo=\\"Icon\\"].neutral.clickable:hover {background-color: #E7EBEC;color: black;}.apollo[data-apollo=\\"Icon\\"].neutral {color: inherit;}.apollo[data-apollo=\\"color\\"].invalid {0: #;1: F;2: D;3: A;4: 2;5: 9;6: B;}.apollo[data-apollo=\\"Button\\"].invalid.solid {background-color: #FDA29B;color: black;outline-color: rgba(253, 162, 155, 0.3);}.apollo[data-apollo=\\"Button\\"].invalid.solid:hover {filter: brightness(90%);}.apollo[data-apollo=\\"Button\\"].invalid.solid:active {filter: brightness(80%);}.apollo[data-apollo=\\"Button\\"].invalid.solid:disabled {filter: brightness(100%);background: #edeff1;color: #98a7ad;cursor: not-allowed;}.apollo[data-apollo=\\"Button\\"].invalid.outline {border: 1.5px solid #FDA29B;outline-color: rgba(253, 162, 155, 0.3);background-color: transparent;color: inherit;}.apollo[data-apollo=\\"Button\\"].invalid.outline:hover {filter: brightness(100%);background-color: #FDA29B;color: black;}.apollo[data-apollo=\\"Button\\"].invalid.outline:focus {filter: brightness(100%);background-color: #FDA29B;color: black;}.apollo[data-apollo=\\"Button\\"].invalid.outline:active {filter: brightness(80%);}.apollo[data-apollo=\\"Button\\"].invalid.outline:disabled {background: transparent;border-color: #edeff1;border-width: 1.5px;border-style: solid;color: #98a7ad;filter: brightness(100%);cursor: not-allowed;}.apollo[data-apollo=\\"Avatar\\"].invalid {outline-color: rgba(253, 162, 155, 0.3);}.apollo[data-apollo=\\"TextInput\\"].invalid {outline-color: rgba(253, 162, 155, 0.3);border: 1.5px solid #FDA29B;color: inherit;font-size: 1rem;}.apollo[data-apollo=\\"TextInput\\"].invalid:focus {outline-color: rgba(253, 162, 155, 0.3);border: 1.5px solid #FDA29B;}.apollo[data-apollo=\\"TextInput\\"].invalid:disabled {background: #E7EBEC;cursor: not-allowed;}.apollo[data-apollo=\\"TextInputLabel\\"].invalid .label {color: inherit;font-size: 0.9rem;padding-bottom: 5px;font-family: 'Roboto', sans-serif;}.apollo[data-apollo=\\"TextInputLabel\\"].invalid .hint {color: #6C8189;font-size: 0.9rem;padding-bottom: 5px;font-family: 'Roboto', sans-serif;padding-top: 6px;}.apollo[data-apollo=\\"Select\\"].invalid > span.input {outline-color: rgba(253, 162, 155, 0.3);border: 1.5px solid #FDA29B;font-family: 'Roboto', sans-serif;color: inherit;focus-within: [object Object];}.apollo[data-apollo=\\"Select\\"].invalid > span.input:focus-within {border: 1.5px solid #FDA29B;}.apollo[data-apollo=\\"Select\\"].invalid > span.input.disabledinput {background: #E7EBEC;cursor: not-allowed;}.apollo[data-apollo=\\"Select\\"].invalid > div.label {color: inherit;font-size: 0.9rem;padding-bottom: 5px;font-family: 'Roboto', sans-serif;}.apollo[data-apollo=\\"Text\\"].invalid {font-family: 'Roboto', sans-serif;}.apollo[data-apollo=\\"Text\\"].invalid.h1 {font-family: 'Roboto', sans-serif;}.apollo[data-apollo=\\"Text\\"].invalid.h2 {font-family: 'Roboto', sans-serif;}.apollo[data-apollo=\\"Text\\"].invalid.h3 {font-family: 'Roboto', sans-serif;}.apollo[data-apollo=\\"Icon\\"].invalid.clickable {}.apollo[data-apollo=\\"Icon\\"].invalid.clickable:hover {background-color: #FDA29B;color: black;}.apollo[data-apollo=\\"Icon\\"].invalid {color: inherit;}",
  "id": "apollo-css",
}
`;

exports[`ApolloCSS should correctly generate default theme 1`] = `
Object {
  "children": "@import url('https://fonts.googleapis.com/icon?family=Material+Icons'); .apollo[data-apollo=\\"color\\"].primary {0: #;1: 1;2: B;3: 7;4: 5;5: B;6: C;}.apollo[data-apollo=\\"Button\\"].primary.solid {background-color: #1B75BC;color: white;outline-color: rgba(27, 117, 188, 0.3);}.apollo[data-apollo=\\"Button\\"].primary.solid:hover {filter: brightness(90%);}.apollo[data-apollo=\\"Button\\"].primary.solid:active {filter: brightness(80%);}.apollo[data-apollo=\\"Button\\"].primary.solid:disabled {filter: brightness(100%);background: #edeff1;color: #98a7ad;cursor: not-allowed;}.apollo[data-apollo=\\"Button\\"].primary.outline {border: 1.5px solid #1B75BC;outline-color: rgba(27, 117, 188, 0.3);background-color: transparent;color: inherit;}.apollo[data-apollo=\\"Button\\"].primary.outline:hover {filter: brightness(100%);background-color: #1B75BC;color: white;}.apollo[data-apollo=\\"Button\\"].primary.outline:focus {filter: brightness(100%);background-color: #1B75BC;color: white;}.apollo[data-apollo=\\"Button\\"].primary.outline:active {filter: brightness(80%);}.apollo[data-apollo=\\"Button\\"].primary.outline:disabled {background: transparent;border-color: #edeff1;border-width: 1.5px;border-style: solid;color: #98a7ad;filter: brightness(100%);cursor: not-allowed;}.apollo[data-apollo=\\"Avatar\\"].primary {outline-color: rgba(27, 117, 188, 0.3);}.apollo[data-apollo=\\"TextInput\\"].primary {outline-color: rgba(27, 117, 188, 0.3);border: 1.5px solid #E7EBEC;color: inherit;font-size: 1rem;}.apollo[data-apollo=\\"TextInput\\"].primary:focus {outline-color: rgba(27, 117, 188, 0.3);border: 1.5px solid #1B75BC;}.apollo[data-apollo=\\"TextInput\\"].primary:disabled {background: #E7EBEC;cursor: not-allowed;}.apollo[data-apollo=\\"TextInputLabel\\"].primary .label {color: inherit;font-size: 0.9rem;padding-bottom: 5px;font-family: 'Roboto', sans-serif;}.apollo[data-apollo=\\"TextInputLabel\\"].primary .hint {color: #6C8189;font-size: 0.9rem;padding-bottom: 5px;font-family: 'Roboto', sans-serif;padding-top: 6px;}.apollo[data-apollo=\\"Select\\"].primary > span.input {outline-color: rgba(27, 117, 188, 0.3);border: 1.5px solid #E7EBEC;font-family: 'Roboto', sans-serif;color: inherit;focus-within: [object Object];}.apollo[data-apollo=\\"Select\\"].primary > span.input:focus-within {border: 1.5px solid #1B75BC;}.apollo[data-apollo=\\"Select\\"].primary > span.input.disabledinput {background: #E7EBEC;cursor: not-allowed;}.apollo[data-apollo=\\"Select\\"].primary > div.label {color: inherit;font-size: 0.9rem;padding-bottom: 5px;font-family: 'Roboto', sans-serif;}.apollo[data-apollo=\\"Text\\"].primary {font-family: 'Roboto', sans-serif;}.apollo[data-apollo=\\"Text\\"].primary.h1 {font-family: 'Roboto', sans-serif;}.apollo[data-apollo=\\"Text\\"].primary.h2 {font-family: 'Roboto', sans-serif;}.apollo[data-apollo=\\"Text\\"].primary.h3 {font-family: 'Roboto', sans-serif;}.apollo[data-apollo=\\"Icon\\"].primary.clickable {}.apollo[data-apollo=\\"Icon\\"].primary.clickable:hover {background-color: #1B75BC;color: white;}.apollo[data-apollo=\\"Icon\\"].primary {color: inherit;}.apollo[data-apollo=\\"color\\"].secondary {0: #;1: 0;2: E;3: 2;4: 1;5: 4;6: B;}.apollo[data-apollo=\\"Button\\"].secondary.solid {background-color: #0E214B;color: white;outline-color: rgba(14, 33, 75, 0.3);}.apollo[data-apollo=\\"Button\\"].secondary.solid:hover {filter: brightness(90%);}.apollo[data-apollo=\\"Button\\"].secondary.solid:active {filter: brightness(80%);}.apollo[data-apollo=\\"Button\\"].secondary.solid:disabled {filter: brightness(100%);background: #edeff1;color: #98a7ad;cursor: not-allowed;}.apollo[data-apollo=\\"Button\\"].secondary.outline {border: 1.5px solid #0E214B;outline-color: rgba(14, 33, 75, 0.3);background-color: transparent;color: inherit;}.apollo[data-apollo=\\"Button\\"].secondary.outline:hover {filter: brightness(100%);background-color: #0E214B;color: white;}.apollo[data-apollo=\\"Button\\"].secondary.outline:focus {filter: brightness(100%);background-color: #0E214B;color: white;}.apollo[data-apollo=\\"Button\\"].secondary.outline:active {filter: brightness(80%);}.apollo[data-apollo=\\"Button\\"].secondary.outline:disabled {background: transparent;border-color: #edeff1;border-width: 1.5px;border-style: solid;color: #98a7ad;filter: brightness(100%);cursor: not-allowed;}.apollo[data-apollo=\\"Avatar\\"].secondary {outline-color: rgba(14, 33, 75, 0.3);}.apollo[data-apollo=\\"TextInput\\"].secondary {outline-color: rgba(14, 33, 75, 0.3);border: 1.5px solid #E7EBEC;color: inherit;font-size: 1rem;}.apollo[data-apollo=\\"TextInput\\"].secondary:focus {outline-color: rgba(14, 33, 75, 0.3);border: 1.5px solid #0E214B;}.apollo[data-apollo=\\"TextInput\\"].secondary:disabled {background: #E7EBEC;cursor: not-allowed;}.apollo[data-apollo=\\"TextInputLabel\\"].secondary .label {color: inherit;font-size: 0.9rem;padding-bottom: 5px;font-family: 'Roboto', sans-serif;}.apollo[data-apollo=\\"TextInputLabel\\"].secondary .hint {color: #6C8189;font-size: 0.9rem;padding-bottom: 5px;font-family: 'Roboto', sans-serif;padding-top: 6px;}.apollo[data-apollo=\\"Select\\"].secondary > span.input {outline-color: rgba(14, 33, 75, 0.3);border: 1.5px solid #E7EBEC;font-family: 'Roboto', sans-serif;color: inherit;focus-within: [object Object];}.apollo[data-apollo=\\"Select\\"].secondary > span.input:focus-within {border: 1.5px solid #0E214B;}.apollo[data-apollo=\\"Select\\"].secondary > span.input.disabledinput {background: #E7EBEC;cursor: not-allowed;}.apollo[data-apollo=\\"Select\\"].secondary > div.label {color: inherit;font-size: 0.9rem;padding-bottom: 5px;font-family: 'Roboto', sans-serif;}.apollo[data-apollo=\\"Text\\"].secondary {font-family: 'Roboto', sans-serif;}.apollo[data-apollo=\\"Text\\"].secondary.h1 {font-family: 'Roboto', sans-serif;}.apollo[data-apollo=\\"Text\\"].secondary.h2 {font-family: 'Roboto', sans-serif;}.apollo[data-apollo=\\"Text\\"].secondary.h3 {font-family: 'Roboto', sans-serif;}.apollo[data-apollo=\\"Icon\\"].secondary.clickable {}.apollo[data-apollo=\\"Icon\\"].secondary.clickable:hover {background-color: #0E214B;color: white;}.apollo[data-apollo=\\"Icon\\"].secondary {color: inherit;}.apollo[data-apollo=\\"color\\"].tertiary {0: #;1: f;2: 0;3: f;4: 0;5: f;6: 0;}.apollo[data-apollo=\\"Button\\"].tertiary {outline-color: rgba(209, 209, 209, 0.5);background-color: #f0f0f0;color: black;}.apollo[data-apollo=\\"Button\\"].tertiary:hover {filter: brightness(90%);}.apollo[data-apollo=\\"Button\\"].tertiary:active {filter: brightness(80%);}.apollo[data-apollo=\\"Button\\"].tertiary:disabled {filter: brightness(100%);background: #edeff1;color: #98a7ad;cursor: not-allowed;}.apollo[data-apollo=\\"ButtonOutline\\"].tertiary {outline-color: rgba(209, 209, 209, 0.5);border: 1.5px solid #f0f0f0;background-color: transparent;color: inherit;}.apollo[data-apollo=\\"ButtonOutline\\"].tertiary:hover {filter: brightness(100%);background-color: #f0f0f0;color: black;}.apollo[data-apollo=\\"ButtonOutline\\"].tertiary:focus {filter: brightness(100%);background-color: #f0f0f0;color: black;}.apollo[data-apollo=\\"ButtonOutline\\"].tertiary:active {filter: brightness(80%);}.apollo[data-apollo=\\"ButtonOutline\\"].tertiary:disabled {background: transparent;border-color: #edeff1;border-width: 1.5px;border-style: solid;color: #98a7ad;filter: brightness(100%);cursor: not-allowed;}.apollo[data-apollo=\\"Button\\"].tertiary.solid {outline-color: rgba(209, 209, 209, 0.5);background-color: #f0f0f0;color: black;}.apollo[data-apollo=\\"Button\\"].tertiary.solid:hover {filter: brightness(90%);}.apollo[data-apollo=\\"Button\\"].tertiary.solid:active {filter: brightness(80%);}.apollo[data-apollo=\\"Button\\"].tertiary.solid:disabled {filter: brightness(100%);background: #edeff1;color: #98a7ad;cursor: not-allowed;}.apollo[data-apollo=\\"Button\\"].tertiary.outline {outline-color: rgba(209, 209, 209, 0.5);border: 1.5px solid #f0f0f0;background-color: transparent;color: inherit;}.apollo[data-apollo=\\"Button\\"].tertiary.outline:hover {filter: brightness(100%);background-color: #f0f0f0;color: black;}.apollo[data-apollo=\\"Button\\"].tertiary.outline:focus {filter: brightness(100%);background-color: #f0f0f0;color: black;}.apollo[data-apollo=\\"Button\\"].tertiary.outline:active {filter: brightness(80%);}.apollo[data-apollo=\\"Button\\"].tertiary.outline:disabled {background: transparent;border-color: #edeff1;border-width: 1.5px;border-style: solid;color: #98a7ad;filter: brightness(100%);cursor: not-allowed;}.apollo[data-apollo=\\"Avatar\\"].tertiary {outline-color: rgba(240, 240, 240, 0.3);}.apollo[data-apollo=\\"TextInput\\"].tertiary {outline-color: rgba(240, 240, 240, 0.3);border: 1.5px solid #E7EBEC;color: inherit;font-size: 1rem;}.apollo[data-apollo=\\"TextInput\\"].tertiary:focus {outline-color: rgba(240, 240, 240, 0.3);border: 1.5px solid #f0f0f0;}.apollo[data-apollo=\\"TextInput\\"].tertiary:disabled {background: #E7EBEC;cursor: not-allowed;}.apollo[data-apollo=\\"TextInputLabel\\"].tertiary .label {color: inherit;font-size: 0.9rem;padding-bottom: 5px;font-family: 'Roboto', sans-serif;}.apollo[data-apollo=\\"TextInputLabel\\"].tertiary .hint {color: #6C8189;font-size: 0.9rem;padding-bottom: 5px;font-family: 'Roboto', sans-serif;padding-top: 6px;}.apollo[data-apollo=\\"Select\\"].tertiary > span.input {outline-color: rgba(240, 240, 240, 0.3);border: 1.5px solid #E7EBEC;font-family: 'Roboto', sans-serif;color: inherit;focus-within: [object Object];}.apollo[data-apollo=\\"Select\\"].tertiary > span.input:focus-within {border: 1.5px solid #f0f0f0;}.apollo[data-apollo=\\"Select\\"].tertiary > span.input.disabledinput {background: #E7EBEC;cursor: not-allowed;}.apollo[data-apollo=\\"Select\\"].tertiary > div.label {color: inherit;font-size: 0.9rem;padding-bottom: 5px;font-family: 'Roboto', sans-serif;}.apollo[data-apollo=\\"Text\\"].tertiary {font-family: 'Roboto', sans-serif;}.apollo[data-apollo=\\"Text\\"].tertiary.h1 {font-family: 'Roboto', sans-serif;}.apollo[data-apollo=\\"Text\\"].tertiary.h2 {font-family: 'Roboto', sans-serif;}.apollo[data-apollo=\\"Text\\"].tertiary.h3 {font-family: 'Roboto', sans-serif;}.apollo[data-apollo=\\"Icon\\"].tertiary.clickable {}.apollo[data-apollo=\\"Icon\\"].tertiary.clickable:hover {background-color: #f0f0f0;color: black;}.apollo[data-apollo=\\"Icon\\"].tertiary {color: inherit;}.apollo[data-apollo=\\"color\\"].neutral {0: #;1: E;2: 7;3: E;4: B;5: E;6: C;}.apollo[data-apollo=\\"Button\\"].neutral.solid {background-color: #E7EBEC;color: black;outline-color: rgba(231, 235, 236, 0.3);}.apollo[data-apollo=\\"Button\\"].neutral.solid:hover {filter: brightness(90%);}.apollo[data-apollo=\\"Button\\"].neutral.solid:active {filter: brightness(80%);}.apollo[data-apollo=\\"Button\\"].neutral.solid:disabled {filter: brightness(100%);background: #edeff1;color: #98a7ad;cursor: not-allowed;}.apollo[data-apollo=\\"Button\\"].neutral.outline {border: 1.5px solid #E7EBEC;outline-color: rgba(231, 235, 236, 0.3);background-color: transparent;color: inherit;}.apollo[data-apollo=\\"Button\\"].neutral.outline:hover {filter: brightness(100%);background-color: #E7EBEC;color: black;}.apollo[data-apollo=\\"Button\\"].neutral.outline:focus {filter: brightness(100%);background-color: #E7EBEC;color: black;}.apollo[data-apollo=\\"Button\\"].neutral.outline:active {filter: brightness(80%);}.apollo[data-apollo=\\"Button\\"].neutral.outline:disabled {background: transparent;border-color: #edeff1;border-width: 1.5px;border-style: solid;color: #98a7ad;filter: brightness(100%);cursor: not-allowed;}.apollo[data-apollo=\\"Avatar\\"].neutral {outline-color: rgba(231, 235, 236, 0.3);}.apollo[data-apollo=\\"TextInput\\"].neutral {outline-color: rgba(231, 235, 236, 0.3);border: 1.5px solid #E7EBEC;color: inherit;font-size: 1rem;}.apollo[data-apollo=\\"TextInput\\"].neutral:focus {outline-color: rgba(231, 235, 236, 0.3);border: 1.5px solid #E7EBEC;}.apollo[data-apollo=\\"TextInput\\"].neutral:disabled {background: #E7EBEC;cursor: not-allowed;}.apollo[data-apollo=\\"TextInputLabel\\"].neutral .label {color: inherit;font-size: 0.9rem;padding-bottom: 5px;font-family: 'Roboto', sans-serif;}.apollo[data-apollo=\\"TextInputLabel\\"].neutral .hint {color: #6C8189;font-size: 0.9rem;padding-bottom: 5px;font-family: 'Roboto', sans-serif;padding-top: 6px;}.apollo[data-apollo=\\"Select\\"].neutral > span.input {outline-color: rgba(231, 235, 236, 0.3);border: 1.5px solid #E7EBEC;font-family: 'Roboto', sans-serif;color: inherit;focus-within: [object Object];}.apollo[data-apollo=\\"Select\\"].neutral > span.input:focus-within {border: 1.5px solid #E7EBEC;}.apollo[data-apollo=\\"Select\\"].neutral > span.input.disabledinput {background: #E7EBEC;cursor: not-allowed;}.apollo[data-apollo=\\"Select\\"].neutral > div.label {color: inherit;font-size: 0.9rem;padding-bottom: 5px;font-family: 'Roboto', sans-serif;}.apollo[data-apollo=\\"Text\\"].neutral {font-family: 'Roboto', sans-serif;}.apollo[data-apollo=\\"Text\\"].neutral.h1 {font-family: 'Roboto', sans-serif;}.apollo[data-apollo=\\"Text\\"].neutral.h2 {font-family: 'Roboto', sans-serif;}.apollo[data-apollo=\\"Text\\"].neutral.h3 {font-family: 'Roboto', sans-serif;}.apollo[data-apollo=\\"Icon\\"].neutral.clickable {}.apollo[data-apollo=\\"Icon\\"].neutral.clickable:hover {background-color: #E7EBEC;color: black;}.apollo[data-apollo=\\"Icon\\"].neutral {color: inherit;}.apollo[data-apollo=\\"color\\"].invalid {0: #;1: F;2: D;3: A;4: 2;5: 9;6: B;}.apollo[data-apollo=\\"Button\\"].invalid.solid {background-color: #FDA29B;color: black;outline-color: rgba(253, 162, 155, 0.3);}.apollo[data-apollo=\\"Button\\"].invalid.solid:hover {filter: brightness(90%);}.apollo[data-apollo=\\"Button\\"].invalid.solid:active {filter: brightness(80%);}.apollo[data-apollo=\\"Button\\"].invalid.solid:disabled {filter: brightness(100%);background: #edeff1;color: #98a7ad;cursor: not-allowed;}.apollo[data-apollo=\\"Button\\"].invalid.outline {border: 1.5px solid #FDA29B;outline-color: rgba(253, 162, 155, 0.3);background-color: transparent;color: inherit;}.apollo[data-apollo=\\"Button\\"].invalid.outline:hover {filter: brightness(100%);background-color: #FDA29B;color: black;}.apollo[data-apollo=\\"Button\\"].invalid.outline:focus {filter: brightness(100%);background-color: #FDA29B;color: black;}.apollo[data-apollo=\\"Button\\"].invalid.outline:active {filter: brightness(80%);}.apollo[data-apollo=\\"Button\\"].invalid.outline:disabled {background: transparent;border-color: #edeff1;border-width: 1.5px;border-style: solid;color: #98a7ad;filter: brightness(100%);cursor: not-allowed;}.apollo[data-apollo=\\"Avatar\\"].invalid {outline-color: rgba(253, 162, 155, 0.3);}.apollo[data-apollo=\\"TextInput\\"].invalid {outline-color: rgba(253, 162, 155, 0.3);border: 1.5px solid #FDA29B;color: inherit;font-size: 1rem;}.apollo[data-apollo=\\"TextInput\\"].invalid:focus {outline-color: rgba(253, 162, 155, 0.3);border: 1.5px solid #FDA29B;}.apollo[data-apollo=\\"TextInput\\"].invalid:disabled {background: #E7EBEC;cursor: not-allowed;}.apollo[data-apollo=\\"TextInputLabel\\"].invalid .label {color: inherit;font-size: 0.9rem;padding-bottom: 5px;font-family: 'Roboto', sans-serif;}.apollo[data-apollo=\\"TextInputLabel\\"].invalid .hint {color: #6C8189;font-size: 0.9rem;padding-bottom: 5px;font-family: 'Roboto', sans-serif;padding-top: 6px;}.apollo[data-apollo=\\"Select\\"].invalid > span.input {outline-color: rgba(253, 162, 155, 0.3);border: 1.5px solid #FDA29B;font-family: 'Roboto', sans-serif;color: inherit;focus-within: [object Object];}.apollo[data-apollo=\\"Select\\"].invalid > span.input:focus-within {border: 1.5px solid #FDA29B;}.apollo[data-apollo=\\"Select\\"].invalid > span.input.disabledinput {background: #E7EBEC;cursor: not-allowed;}.apollo[data-apollo=\\"Select\\"].invalid > div.label {color: inherit;font-size: 0.9rem;padding-bottom: 5px;font-family: 'Roboto', sans-serif;}.apollo[data-apollo=\\"Text\\"].invalid {font-family: 'Roboto', sans-serif;}.apollo[data-apollo=\\"Text\\"].invalid.h1 {font-family: 'Roboto', sans-serif;}.apollo[data-apollo=\\"Text\\"].invalid.h2 {font-family: 'Roboto', sans-serif;}.apollo[data-apollo=\\"Text\\"].invalid.h3 {font-family: 'Roboto', sans-serif;}.apollo[data-apollo=\\"Icon\\"].invalid.clickable {}.apollo[data-apollo=\\"Icon\\"].invalid.clickable:hover {background-color: #FDA29B;color: black;}.apollo[data-apollo=\\"Icon\\"].invalid {color: inherit;}",
  "id": "apollo-css",
}
`;
